// Jest Snapshot v1, https://goo.gl/fbAQLP

exports[`layout with shadowed block 1`] = `"<!-- layout.pug: root--><!-- index.pug: shadowed-->"`;

exports[`layout with shadowed block 2`] = `"<!-- layout.pug: root--><!-- index.pug: shadowed-->"`;
