// Jest Snapshot v1, https://goo.gl/fbAQLP

exports[`errors/dynamic-option.input.json 1`] = `
Object {
  "code": "PUG:FILTER_OPTION_NOT_CONSTANT",
  "line": 2,
  "msg": "\\"opt\\" is not constant. All filters are rendered compile-time so filter options must be constants.",
}
`;
