// Jest Snapshot v1, https://goo.gl/fbAQLP

exports[`per filter options are applied, even to nested filters 1`] = `
{
  "filename": "per-filter-options-applied-to-nested-filters.test.js",
  "line": 0,
  "nodes": [
    {
      "attributeBlocks": [],
      "attrs": [],
      "block": {
        "filename": "per-filter-options-applied-to-nested-filters.test.js",
        "line": 2,
        "nodes": [
          {
            "attrs": [],
            "block": {
              "filename": "per-filter-options-applied-to-nested-filters.test.js",
              "line": 3,
              "nodes": [
                {
                  "attrs": [],
                  "block": {
                    "filename": "per-filter-options-applied-to-nested-filters.test.js",
                    "line": 3,
                    "nodes": [
                      {
                        "column": 5,
                        "filename": "per-filter-options-applied-to-nested-filters.test.js",
                        "line": 4,
                        "type": "Text",
                        "val": "Will be wrapped in second.",
                      },
                    ],
                    "type": "Block",
                  },
                  "column": 9,
                  "filename": "per-filter-options-applied-to-nested-filters.test.js",
                  "line": 3,
                  "name": "second",
                  "type": "Text",
                  "val": "SECOND
Will be wrapped in second.
END SECOND",
                },
              ],
              "type": "Block",
            },
            "column": 3,
            "filename": "per-filter-options-applied-to-nested-filters.test.js",
            "line": 3,
            "name": "first",
            "type": "Text",
            "val": "SECOND
Will be wrapped in second.
END SECOND",
          },
        ],
        "type": "Block",
      },
      "column": 1,
      "filename": "per-filter-options-applied-to-nested-filters.test.js",
      "isInline": false,
      "line": 2,
      "name": "p",
      "selfClosing": false,
      "type": "Tag",
    },
  ],
  "type": "Block",
}
`;
