// Jest Snapshot v1, https://goo.gl/fbAQLP

exports[`layout with duplicate block 1`] = `"<div>Hello World</div>"`;

exports[`layout with duplicate block 2`] = `"<!DOCTYPE html><html><head></head><body><div>Hello World</div></body></html>"`;
