// Jest Snapshot v1, https://goo.gl/fbAQLP

exports[`pugneum-loader 1`] = `
{
  "filename": "foo.pg",
  "line": 0,
  "nodes": [
    {
      "column": 1,
      "file": {
        "ast": {
          "filename": "bar.pg",
          "line": 0,
          "nodes": [
            {
              "column": 1,
              "filename": "bar.pg",
              "line": 1,
              "mode": "replace",
              "name": "bing",
              "nodes": [],
              "type": "NamedBlock",
            },
          ],
          "type": "Block",
        },
        "column": 9,
        "filename": "foo.pg",
        "fullPath": "bar.pg",
        "line": 1,
        "path": "bar.pg",
        "raw": "block bing
",
        "str": "block bing
",
        "type": "FileReference",
      },
      "filename": "foo.pg",
      "line": 1,
      "type": "Extends",
    },
    {
      "column": 1,
      "filename": "foo.pg",
      "line": 3,
      "mode": "replace",
      "name": "bing",
      "nodes": [
        {
          "block": {
            "filename": "foo.pg",
            "line": 4,
            "nodes": [],
            "type": "Block",
          },
          "column": 3,
          "file": {
            "ast": {
              "filename": "bing.pg",
              "line": 0,
              "nodes": [
                {
                  "attributeBlocks": [],
                  "attrs": [
                    {
                      "column": 1,
                      "filename": "bing.pg",
                      "line": 1,
                      "mustEscape": false,
                      "name": "class",
                      "val": "'bing'",
                    },
                  ],
                  "block": {
                    "filename": "bing.pg",
                    "line": 1,
                    "nodes": [
                      {
                        "column": 7,
                        "filename": "bing.pg",
                        "line": 1,
                        "type": "Text",
                        "val": "bong",
                      },
                    ],
                    "type": "Block",
                  },
                  "column": 1,
                  "filename": "bing.pg",
                  "isInline": false,
                  "line": 1,
                  "name": "div",
                  "selfClosing": false,
                  "type": "Tag",
                },
              ],
              "type": "Block",
            },
            "column": 11,
            "filename": "foo.pg",
            "fullPath": "bing.pg",
            "line": 4,
            "path": "bing.pg",
            "raw": ".bing bong
",
            "str": ".bing bong
",
            "type": "FileReference",
          },
          "filename": "foo.pg",
          "line": 4,
          "type": "Include",
        },
        {
          "attributeBlocks": [],
          "attrs": [],
          "block": {
            "filename": "foo.pg",
            "line": 5,
            "nodes": [
              {
                "column": 5,
                "file": {
                  "column": 13,
                  "filename": "foo.pg",
                  "fullPath": "script.js",
                  "line": 6,
                  "path": "script.js",
                  "raw": "document.write('hello world!');
",
                  "str": "document.write('hello world!');
",
                  "type": "FileReference",
                },
                "filename": "foo.pg",
                "filters": [],
                "line": 6,
                "type": "RawInclude",
              },
            ],
            "type": "Block",
          },
          "column": 3,
          "filename": "foo.pg",
          "isInline": false,
          "line": 5,
          "name": "script",
          "selfClosing": false,
          "type": "Tag",
        },
      ],
      "type": "NamedBlock",
    },
  ],
  "type": "Block",
}
`;
