// Jest Snapshot v1, https://goo.gl/fbAQLP

exports[`no uncessessary blocks should be added 1`] = `
{
  "line": 0,
  "nodes": [
    {
      "attributeBlocks": [],
      "attrs": [],
      "block": {
        "line": 2,
        "nodes": [
          {
            "column": 5,
            "line": 3,
            "type": "Text",
            "val": "Hello",
          },
          {
            "column": 1,
            "line": 4,
            "type": "Text",
            "val": "
",
          },
          {
            "column": 5,
            "line": 4,
            "type": "Text",
            "val": "World",
          },
        ],
        "type": "Block",
      },
      "column": 1,
      "isInline": false,
      "line": 2,
      "name": "div",
      "type": "Tag",
    },
  ],
  "type": "Block",
}
`;
